// Jest Snapshot v1, https://goo.gl/fbAQLP

exports[`lengthOfLongestSubstring("aab") 1`] = `2`;
